// Jest Snapshot v1, https://goo.gl/fbAQLP

exports[`it renders correctly 1`] = `
<input
  className="sc-bdVaJa kSylSs"
/>
`;
