// Jest Snapshot v1, https://goo.gl/fbAQLP

exports[`matches to snapshot 1`] = `
<button
  className="sc-bdVaJa gnbHFc"
/>
`;
