// Jest Snapshot v1, https://goo.gl/fbAQLP

exports[`render correctly 1`] = `
<form>
  <input
    className="sc-bdVaJa kSylSs"
    placeholder="Search..."
  />
  <button
    className="sc-bwzfXH iqmKiI"
  >
    Search
  </button>
</form>
`;
