// Jest Snapshot v1, https://goo.gl/fbAQLP

exports[`matches to snapshot 1`] = `
<ul
  className="sc-bwzfXH iIEtPj"
>
  <li
    className="sc-bdVaJa cBfTjH"
  >
    Javascript
  </li>
  <li
    className="sc-bdVaJa cBfTjH"
  >
    React
  </li>
</ul>
`;
