// Jest Snapshot v1, https://goo.gl/fbAQLP

exports[`it renders correctly 1`] = `
<div>
  <canvas
    className="sc-bdVaJa fpcbkF"
  />
</div>
`;
