// Jest Snapshot v1, https://goo.gl/fbAQLP

exports[`matches to snapshot 1`] = `
<li
  className="sc-bdVaJa gRrJQh"
/>
`;
